// Jest Snapshot v1, https://goo.gl/fbAQLP

exports[`render female emoji as default, when invalid gender is given 1`] = `
<span>
  ðŸ‘©
</span>
`;

exports[`renders female emoji for females 1`] = `
<span>
  ðŸ‘©
</span>
`;

exports[`renders male emoji for males 1`] = `
<span>
  ðŸ‘¨
</span>
`;
